{"value":"Aenean","count":6}
{"value":"Aliquam","count":5}
{"value":"Cras","count":3}
{"value":"Curabitur","count":2}
{"value":"Donec","count":14}
{"value":"Duis","count":7}
{"value":"Etiam","count":4}
{"value":"Fusce","count":2}
{"value":"In","count":2}
{"value":"Integer","count":5}
{"value":"Interdum","count":1}
{"value":"Lorem","count":1}
{"value":"Maecenas","count":2}
{"value":"Mauris","count":8}
{"value":"Morbi","count":2}
{"value":"Nam","count":3}
{"value":"Nulla","count":4}
{"value":"Nullam","count":6}
{"value":"Nunc","count":5}
{"value":"Pellentesque","count":4}
{"value":"Phasellus","count":6}
{"value":"Praesent","count":4}
{"value":"Proin","count":3}
{"value":"Quisque","count":4}
{"value":"Sed","count":15}
{"value":"Suspendisse","count":5}
{"value":"Ut","count":2}
{"value":"Vestibulum","count":3}
{"value":"Vivamus","count":2}
{"value":"a","count":14}
{"value":"a,","count":1}
{"value":"ac","count":8}
{"value":"accumsan","count":3}
{"value":"accumsan.","count":2}
{"value":"adipiscing","count":1}
{"value":"aliquam","count":4}
{"value":"aliquam.","count":1}
{"value":"aliquet","count":5}
{"value":"aliquet.","count":1}
{"value":"amet","count":17}
{"value":"amet,","count":1}
{"value":"amet.","count":1}
{"value":"ante","count":4}
{"value":"arcu","count":7}
{"value":"arcu.","count":3}
{"value":"at","count":13}
{"value":"auctor","count":6}
{"value":"auctor,","count":1}
{"value":"augue","count":2}
{"value":"augue,","count":1}
{"value":"bibendum","count":3}
{"value":"bibendum.","count":4}
{"value":"blandit","count":3}
{"value":"blandit.","count":2}
{"value":"commodo","count":2}
{"value":"commodo,","count":1}
{"value":"condimentum","count":1}
{"value":"condimentum.","count":1}
{"value":"congue","count":3}
{"value":"consectetur","count":9}
{"value":"consectetur.","count":1}
{"value":"consequat","count":2}
{"value":"convallis","count":5}
{"value":"convallis,","count":2}
{"value":"convallis.","count":1}
{"value":"cursus","count":4}
{"value":"dapibus","count":3}
{"value":"diam","count":5}
{"value":"diam,","count":1}
{"value":"diam.","count":4}
{"value":"dictum","count":4}
{"value":"dolor","count":2}
{"value":"dolor,","count":1}
{"value":"dolor.","count":5}
{"value":"dui","count":2}
{"value":"dui,","count":2}
{"value":"dui.","count":1}
{"value":"efficitur","count":2}
{"value":"egestas","count":2}
{"value":"egestas.","count":1}
{"value":"eget","count":16}
{"value":"eget,","count":1}
{"value":"eleifend","count":3}
{"value":"eleifend,","count":1}
{"value":"elementum","count":2}
{"value":"elementum.","count":1}
{"value":"elit","count":3}
{"value":"elit.","count":4}
{"value":"enim","count":1}
{"value":"enim,","count":1}
{"value":"enim.","count":3}
{"value":"erat","count":5}
{"value":"erat,","count":1}
{"value":"erat.","count":2}
{"value":"eros","count":9}
{"value":"eros,","count":1}
{"value":"eros.","count":1}
{"value":"est","count":4}
{"value":"est,","count":1}
{"value":"est.","count":1}
{"value":"et","count":15}
{"value":"eu","count":11}
{"value":"eu,","count":1}
{"value":"eu.","count":1}
{"value":"euismod","count":2}
{"value":"ex","count":8}
{"value":"ex.","count":1}
{"value":"facilisis","count":6}
{"value":"facilisis,","count":1}
{"value":"fames","count":2}
{"value":"faucibus","count":8}
{"value":"faucibus.","count":2}
{"value":"felis","count":6}
{"value":"felis,","count":1}
{"value":"felis.","count":3}
{"value":"fermentum","count":2}
{"value":"fermentum,","count":1}
{"value":"feugiat","count":4}
{"value":"feugiat.","count":1}
{"value":"finibus","count":2}
{"value":"finibus,","count":1}
{"value":"fringilla","count":4}
{"value":"gravida","count":3}
{"value":"gravida.","count":1}
{"value":"habitant","count":1}
{"value":"hendrerit","count":3}
{"value":"hendrerit.","count":3}
{"value":"iaculis","count":6}
{"value":"iaculis,","count":1}
{"value":"iaculis.","count":1}
{"value":"id","count":11}
{"value":"id,","count":1}
{"value":"imperdiet","count":4}
{"value":"imperdiet.","count":1}
{"value":"in","count":11}
{"value":"in.","count":1}
{"value":"interdum","count":1}
{"value":"interdum.","count":2}
{"value":"ipsum","count":4}
{"value":"ipsum,","count":1}
{"value":"ipsum.","count":2}
{"value":"justo","count":1}
{"value":"justo,","count":2}
{"value":"justo.","count":2}
{"value":"lacinia","count":5}
{"value":"lacinia,","count":2}
{"value":"lacinia.","count":1}
{"value":"lacus","count":7}
{"value":"lacus,","count":3}
{"value":"lacus.","count":1}
{"value":"laoreet","count":4}
{"value":"laoreet.","count":2}
{"value":"lectus","count":5}
{"value":"lectus,","count":1}
{"value":"leo","count":1}
{"value":"leo,","count":1}
{"value":"leo.","count":2}
{"value":"libero","count":2}
{"value":"libero.","count":1}
{"value":"ligula","count":4}
{"value":"ligula.","count":2}
{"value":"lobortis","count":4}
{"value":"lobortis.","count":1}
{"value":"lorem","count":5}
{"value":"lorem,","count":2}
{"value":"lorem.","count":4}
{"value":"luctus","count":3}
{"value":"magna","count":5}
{"value":"magna.","count":2}
{"value":"malesuada","count":3}
{"value":"malesuada.","count":1}
{"value":"massa","count":1}
{"value":"massa,","count":1}
{"value":"massa.","count":3}
{"value":"mattis","count":5}
{"value":"mauris","count":5}
{"value":"mauris.","count":1}
{"value":"maximus","count":5}
{"value":"maximus.","count":2}
{"value":"metus","count":3}
{"value":"metus,","count":1}
{"value":"metus.","count":3}
{"value":"mi","count":3}
{"value":"molestie","count":4}
{"value":"molestie,","count":1}
{"value":"mollis","count":2}
{"value":"morbi","count":1}
{"value":"nec","count":11}
{"value":"nec,","count":1}
{"value":"neque","count":6}
{"value":"neque,","count":1}
{"value":"neque.","count":1}
{"value":"netus","count":1}
{"value":"nibh","count":5}
{"value":"nibh.","count":2}
{"value":"nisi","count":6}
{"value":"nisi.","count":1}
{"value":"nisl","count":3}
{"value":"non","count":14}
{"value":"non,","count":2}
{"value":"non.","count":3}
{"value":"nulla","count":6}
{"value":"nulla.","count":1}
{"value":"nunc","count":4}
{"value":"nunc,","count":4}
{"value":"nunc.","count":2}
{"value":"odio","count":8}
{"value":"odio.","count":1}
{"value":"orci","count":2}
{"value":"ornare","count":7}
{"value":"ornare,","count":1}
{"value":"ornare.","count":1}
{"value":"pellentesque","count":6}
{"value":"pharetra","count":5}
{"value":"pharetra.","count":2}
{"value":"placerat","count":1}
{"value":"porta","count":4}
{"value":"porta,","count":1}
{"value":"porta.","count":1}
{"value":"porttitor","count":4}
{"value":"porttitor,","count":1}
{"value":"posuere","count":1}
{"value":"posuere,","count":1}
{"value":"potenti.","count":1}
{"value":"pretium","count":2}
{"value":"pretium,","count":1}
{"value":"pretium.","count":1}
{"value":"primis","count":1}
{"value":"pulvinar","count":2}
{"value":"pulvinar.","count":1}
{"value":"purus","count":1}
{"value":"purus,","count":1}
{"value":"purus.","count":2}
{"value":"quam","count":4}
{"value":"quam,","count":1}
{"value":"quis","count":11}
{"value":"quis,","count":3}
{"value":"rhoncus","count":4}
{"value":"rhoncus.","count":1}
{"value":"risus","count":3}
{"value":"risus,","count":1}
{"value":"risus.","count":2}
{"value":"rutrum","count":3}
{"value":"rutrum.","count":1}
{"value":"sagittis","count":7}
{"value":"sagittis,","count":1}
{"value":"sapien","count":3}
{"value":"sapien,","count":1}
{"value":"sapien.","count":2}
{"value":"scelerisque","count":1}
{"value":"sed","count":6}
{"value":"sed,","count":1}
{"value":"sem","count":6}
{"value":"sem,","count":1}
{"value":"sem.","count":2}
{"value":"semper","count":4}
{"value":"senectus","count":1}
{"value":"sit","count":19}
{"value":"sodales","count":5}
{"value":"sodales,","count":1}
{"value":"sollicitudin","count":1}
{"value":"sollicitudin.","count":1}
{"value":"suscipit","count":3}
{"value":"suscipit,","count":1}
{"value":"suscipit.","count":1}
{"value":"tellus","count":5}
{"value":"tellus.","count":1}
{"value":"tempor","count":2}
{"value":"tempus","count":2}
{"value":"tincidunt","count":4}
{"value":"tincidunt,","count":1}
{"value":"tincidunt.","count":1}
{"value":"tortor","count":7}
{"value":"tortor,","count":1}
{"value":"tristique","count":3}
{"value":"turpis","count":5}
{"value":"turpis.","count":2}
{"value":"ullamcorper","count":5}
{"value":"ullamcorper,","count":1}
{"value":"ultrices","count":6}
{"value":"ultrices,","count":1}
{"value":"ultricies","count":2}
{"value":"ultricies,","count":1}
{"value":"urna","count":6}
{"value":"urna,","count":1}
{"value":"urna.","count":2}
{"value":"ut","count":10}
{"value":"ut,","count":4}
{"value":"ut.","count":1}
{"value":"varius","count":3}
{"value":"varius,","count":1}
{"value":"vehicula","count":2}
{"value":"vel","count":8}
{"value":"vel,","count":1}
{"value":"velit","count":3}
{"value":"velit,","count":1}
{"value":"venenatis","count":3}
{"value":"venenatis,","count":2}
{"value":"venenatis.","count":1}
{"value":"vestibulum","count":2}
{"value":"vestibulum.","count":1}
{"value":"vitae","count":17}
{"value":"vitae,","count":1}
{"value":"vitae.","count":1}
{"value":"viverra","count":2}
{"value":"viverra,","count":1}
{"value":"volutpat","count":4}
{"value":"volutpat,","count":1}
{"value":"volutpat.","count":1}
{"value":"vulputate","count":4}
{"value":"vulputate,","count":1}
{"value":"vulputate.","count":2}
